◇ injected env (12) from .env.local // tip: ⌘ custom filepath { path: '/custom/path/.env' }

JOURNEY BASELINE — https://tawveeri.com
started 2026-07-30T20:59:35.534Z
UTF-8 transport verified: server echoed "مكيف"

═══ AR ═══
  A_homepage_served      1/1    100.0%
  B_search              10/10   100.0%
  C_exits                8/10   80.0%
  D_product_served      10/10   100.0%
  E_retailer            10/10   100.0%
  ── CARDS→REAL PAGE   211/471  44.8%   (soft-404: 260)
  ── END-TO-END          8/10   80.0%
  dead ends:
      2× DE4_exit_with_no_valid_destination

═══ EN ═══
  A_homepage_served      1/1    100.0%
  B_search              10/10   100.0%
  C_exits                6/10   60.0%
  D_product_served       8/10   80.0%
  E_retailer            10/10   100.0%
  ── CARDS→REAL PAGE   124/446  27.8%   (soft-404: 322)
  ── END-TO-END          5/10   50.0%
  dead ends:
      4× DE4_exit_with_no_valid_destination
      2× DE3_soft_404_served_as_200

RESULT CARDS REACHING A REAL PAGE: 71 of 80 (88.8%)
  of which carried a compare URL:  71
EXITS WITH NO VALID DESTINATION: 21 of 1345 rendered
(read-only: /go was never called — destinations resolved from the DB)

