◇ injected env (12) from .env.local // tip: ⌘ multiple files { path: ['.env.local', '.env'] }

JOURNEY BASELINE — https://tawveeri.com
started 2026-07-31T20:10:33.078Z
UTF-8 transport verified: server echoed "مكيف"

═══ AR ═══
  A_homepage_served      1/1    100.0%
  B_search              10/10   100.0%
  C_exits               10/10   100.0%
  D_product_served      10/10   100.0%
  E_retailer            10/10   100.0%
  ── CARDS→REAL PAGE    80/80   100.0%   (fetched, evenly spaced; 471 cards returned in total)
  ── END-TO-END         10/10   100.0%

═══ EN ═══
  A_homepage_served      1/1    100.0%
  B_search              10/10   100.0%
  C_exits               10/10   100.0%
  D_product_served      10/10   100.0%
  E_retailer            10/10   100.0%
  ── CARDS→REAL PAGE    76/80   95.0%   (fetched, evenly spaced; 480 cards returned in total)
  ── END-TO-END         10/10   100.0%

RESULT CARDS REACHING A REAL PAGE: 156 of 160 fetched (97.5%)
  of which carried a compare URL:  62
EXITS WITH NO VALID DESTINATION: 0 of 1362 rendered
(read-only: /go was never called — destinations resolved from the DB)

