◇ injected env (12) from .env.local // tip: ◈ secrets for agents [www.dotenvx.com]

JOURNEY BASELINE — https://tawveeri.com
started 2026-07-30T21:37:35.293Z
UTF-8 transport verified: server echoed "مكيف"

═══ AR ═══
  A_homepage_served      1/1    100.0%
  B_search              10/10   100.0%
  C_exits                8/10   80.0%
  D_product_served      10/10   100.0%
  E_retailer            10/10   100.0%
  ── CARDS→REAL PAGE    62/80   77.5%   (fetched, evenly spaced; 471 cards returned in total)
  ── END-TO-END          8/10   80.0%
  dead ends:
      2× DE4_exit_with_no_valid_destination

═══ EN ═══
  A_homepage_served      1/1    100.0%
  B_search              10/10   100.0%
  C_exits                6/10   60.0%
  D_product_served       8/10   80.0%
  E_retailer            10/10   100.0%
  ── CARDS→REAL PAGE    55/80   68.8%   (fetched, evenly spaced; 446 cards returned in total)
  ── END-TO-END          5/10   50.0%
  dead ends:
      4× DE4_exit_with_no_valid_destination
      2× DE5_card_price_absent_from_product_page

RESULT CARDS REACHING A REAL PAGE: 117 of 160 fetched (73.1%)
  of which carried a compare URL:  63
EXITS WITH NO VALID DESTINATION: 21 of 1345 rendered
(read-only: /go was never called — destinations resolved from the DB)

