◇ injected env (11) from .env.local // tip: ⌘ suppress logs { quiet: true }
PASS  ar  (homepage)         HOME reach=Y 1search=Y 1waffar=Y claims=Y  · inputs=1 waffar=1 claims=0
PASS  ar  iphone             CARD rel=Y pick=Y store=Y price=Y link=OK 4st
PASS  ar  ايفون              PICK rel=Y pick=Y store=Y price=Y link=OK 4st
PASS  ar  ايفون              CARD rel=Y pick=Y store=Y price=Y link=OK 4st
PASS  ar  لابتوب اتش بي      PICK rel=Y pick=Y store=Y price=Y link=OK 2st
PASS  ar  لابتوب اتش بي      CARD rel=Y pick=Y store=Y price=Y link=OK 2st
PASS  ar  macbook            PICK rel=Y pick=Y store=Y price=Y link=OK 1st  · no compare link on the top pick; single-store (no compare page) — price check vacuous
PASS  ar  macbook            CARD rel=Y pick=Y store=Y price=Y link=OK 1st  · no compare link on the first result card; single-store (no compare page) — price check vacuous
PASS  ar  مكيف سبليت         PICK rel=Y pick=Y store=Y price=Y link=OK 5st
PASS  ar  مكيف سبليت         CARD rel=Y pick=Y store=Y price=Y link=OK 5st
PASS  ar  lg tv              PICK rel=Y pick=Y store=Y price=Y link=OK 3st
PASS  ar  lg tv              CARD rel=Y pick=Y store=Y price=Y link=OK 3st
PASS  ar  غسالة سامسونج      PICK rel=Y pick=Y store=Y price=Y link=OK 5st
PASS  ar  غسالة سامسونج      CARD rel=Y pick=Y store=Y price=Y link=OK 5st
PASS  ar  ايباد              PICK rel=Y pick=Y store=Y price=Y link=OK 2st
PASS  ar  ايباد              CARD rel=Y pick=Y store=Y price=Y link=OK 2st
PASS  ar  شاشة               PICK rel=Y pick=Y store=Y price=Y link=OK 4st
PASS  ar  شاشة               CARD rel=Y pick=Y store=Y price=Y link=OK 4st
PASS  ar  ثلاجة              PICK rel=Y pick=Y store=Y price=Y link=OK 3st
PASS  ar  ثلاجة              CARD rel=Y pick=Y store=Y price=Y link=OK 3st
PASS  ar  سماعات             PICK rel=Y pick=Y store=Y price=Y link=OK 3st
PASS  ar  سماعات             CARD rel=Y pick=Y store=Y price=Y link=OK 3st
PASS  ar  طابعة              PICK rel=Y pick=Y store=Y price=Y link=OK 3st
PASS  ar  طابعة              CARD rel=Y pick=Y store=Y price=Y link=OK 3st
PASS  ar  ps5                PICK rel=Y pick=Y store=Y price=Y link=OK 1st  · no compare link on the top pick; single-store (no compare page) — price check vacuous
PASS  ar  ps5                CARD rel=Y pick=Y store=Y price=Y link=OK 1st  · no compare link on the first result card; single-store (no compare page) — price check vacuous
PASS  ar  شاحن               PICK rel=Y pick=Y store=Y price=Y link=OK 1st  · no compare link on the top pick; single-store (no compare page) — price check vacuous
PASS  ar  شاحن               CARD rel=Y pick=Y store=Y price=Y link=OK 1st  · no compare link on the first result card; single-store (no compare page) — price check vacuous
PASS  ar  مكيف 18000         PICK rel=Y pick=Y store=Y price=Y link=OK 5st
PASS  ar  مكيف 18000         CARD rel=Y pick=Y store=Y price=Y link=OK 5st
PASS  ar  تلفزيون 65 بوصة    PICK rel=Y pick=Y store=Y price=Y link=OK 4st
PASS  ar  تلفزيون 65 بوصة    CARD rel=Y pick=Y store=Y price=Y link=OK 4st
PASS  ar  laptop             PICK rel=Y pick=Y store=Y price=Y link=OK 3st
PASS  ar  laptop             CARD rel=Y pick=Y store=Y price=Y link=OK 3st
PASS  ar  washing machine    PICK rel=Y pick=Y store=Y price=Y link=OK 1st  · no compare link on the top pick; single-store (no compare page) — price check vacuous
PASS  ar  washing machine    CARD rel=Y pick=Y store=Y price=Y link=OK 1st  · no compare link on the first result card; single-store (no compare page) — price check vacuous
PASS  ar  مروحة              PICK rel=Y pick=Y store=Y price=Y link=OK 1st  · no compare link on the top pick; single-store (no compare page) — price check vacuous
PASS  ar  مروحة              CARD rel=Y pick=Y store=Y price=Y link=OK 1st  · no compare link on the first result card; single-store (no compare page) — price check vacuous
PASS  ar  ميكروويف           PICK rel=Y pick=Y store=Y price=Y link=OK 3st
PASS  ar  ميكروويف           CARD rel=Y pick=Y store=Y price=Y link=OK 3st
PASS  ar  iPhone 16 Pro Max 256 PICK rel=Y pick=Y store=Y price=Y link=OK 3st
PASS  ar  iPhone 16 Pro Max 256 CARD rel=Y pick=Y store=Y price=Y link=OK 3st
PASS  ar  iphone 16 pro max 256 PICK rel=Y pick=Y store=Y price=Y link=OK 3st
PASS  ar  iphone 16 pro max 256 CARD rel=Y pick=Y store=Y price=Y link=OK 3st
PASS  ar  ايفون 16 برو ماكس 256 PICK rel=Y pick=Y store=Y price=Y link=OK 3st
PASS  ar  ايفون 16 برو ماكس 256 CARD rel=Y pick=Y store=Y price=Y link=OK 3st
PASS  ar  ايفون ١٦ برو ماكس ٢٥٦ PICK rel=Y pick=Y store=Y price=Y link=OK 3st
PASS  ar  ايفون ١٦ برو ماكس ٢٥٦ CARD rel=Y pick=Y store=Y price=Y link=OK 3st
PASS  ar  جوال ايفون 16 برو ماكس 256 PICK rel=Y pick=Y store=Y price=Y link=OK 3st
PASS  ar  جوال ايفون 16 برو ماكس 256 CARD rel=Y pick=Y store=Y price=Y link=OK 3st
FAIL  ar  Galaxy S24 Ultra 512 PICK rel=Y pick=N store=Y price=Y link=OK 1st  · WRONG VARIANT — asked 512, got "Samsung Galaxy A07 LTE, Android Smartphone, 64GB Storage, 4GB RAM, Black, 6x OS Upgrades, Large Display, 6nm Processor (KSA Version)"; top pick is an accessory; no compare link on the top pick; single-store (no compare page) — price check vacuous
FAIL  ar  Galaxy S24 Ultra 512 CARD rel=Y pick=N store=Y price=Y link=OK 1st  · WRONG VARIANT — asked 512, got "Samsung Galaxy A07 LTE, Android Smartphone, 64GB Storage, 4GB RAM, Black, 6x OS Upgrades, Large Display, 6nm Processor (KSA Version)"; top pick is an accessory; no compare link on the first result card; single-store (no compare page) — price check vacuous
PASS  ar  ايفون 15 128       PICK rel=Y pick=Y store=Y price=Y link=OK 3st
PASS  ar  ايفون 15 128       CARD rel=Y pick=Y store=Y price=Y link=OK 3st
PASS  ar  MacBook Air M2 256 PICK rel=Y pick=Y store=Y price=Y link=OK 1st  · no compare link on the top pick; single-store (no compare page) — price check vacuous
PASS  ar  MacBook Air M2 256 CARD rel=Y pick=Y store=Y price=Y link=OK 1st  · no compare link on the first result card; single-store (no compare page) — price check vacuous
PASS  en  (homepage)         HOME reach=Y 1search=Y 1waffar=Y claims=Y  · inputs=1 waffar=1 claims=0
PASS  en  iphone             CARD rel=Y pick=Y store=Y price=Y link=OK 4st
PASS  en  ايفون              PICK rel=Y pick=Y store=Y price=Y link=OK 4st
PASS  en  ايفون              CARD rel=Y pick=Y store=Y price=Y link=OK 4st
PASS  en  لابتوب اتش بي      PICK rel=Y pick=Y store=Y price=Y link=OK 2st
PASS  en  لابتوب اتش بي      CARD rel=Y pick=Y store=Y price=Y link=OK 2st
PASS  en  macbook            PICK rel=Y pick=Y store=Y price=Y link=OK 1st  · no compare link on the top pick; single-store (no compare page) — price check vacuous
PASS  en  macbook            CARD rel=Y pick=Y store=Y price=Y link=OK 1st  · no compare link on the first result card; single-store (no compare page) — price check vacuous
PASS  en  مكيف سبليت         PICK rel=Y pick=Y store=Y price=Y link=OK 5st
PASS  en  مكيف سبليت         CARD rel=Y pick=Y store=Y price=Y link=OK 5st
PASS  en  lg tv              PICK rel=Y pick=Y store=Y price=Y link=OK 3st
PASS  en  lg tv              CARD rel=Y pick=Y store=Y price=Y link=OK 3st
PASS  en  غسالة سامسونج      PICK rel=Y pick=Y store=Y price=Y link=OK 5st
PASS  en  غسالة سامسونج      CARD rel=Y pick=Y store=Y price=Y link=OK 5st
PASS  en  ايباد              PICK rel=Y pick=Y store=Y price=Y link=OK 2st
PASS  en  ايباد              CARD rel=Y pick=Y store=Y price=Y link=OK 2st
