◇ injected env (11) from .env.local // tip: ◈ secrets for agents [www.dotenvx.com]
PASS  ar  iphone             rel=Y pick=Y store=Y price=Y link=OK
PASS  ar  ايفون              rel=Y pick=Y store=Y price=Y link=OK
FAIL  ar  لابتوب اتش بي      rel=Y pick=Y store=Y price=N link=OK  · no compare link on the top pick; card claims 162 stores but renders NO compare link
FAIL  ar  macbook            rel=Y pick=Y store=Y price=N link=OK  · no compare link on the top pick; card claims 55 stores but renders NO compare link
PASS  ar  مكيف سبليت         rel=Y pick=Y store=Y price=Y link=OK  · no compare link on the top pick; single-store (no compare page) — price check vacuous
FAIL  ar  lg tv              rel=Y pick=Y store=Y price=N link=OK  · no compare link on the top pick; card claims 57 stores but renders NO compare link
FAIL  ar  غسالة سامسونج      rel=Y pick=Y store=Y price=N link=OK  · no compare link on the top pick; card claims 2 stores but renders NO compare link
PASS  ar  ايباد              rel=Y pick=Y store=Y price=Y link=OK  · no compare link on the top pick; single-store (no compare page) — price check vacuous
FAIL  ar  شاشة               rel=Y pick=Y store=Y price=N link=OK  · card claims 2 stores, compare page says none
FAIL  ar  ثلاجة              rel=Y pick=Y store=Y price=N link=OK  · no compare link on the top pick; card claims 900 stores but renders NO compare link
FAIL  ar  سماعات             rel=N pick=N store=N price=N link=DEAD  · no product card found
FAIL  ar  طابعة              rel=Y pick=Y store=Y price=N link=OK  · no compare link on the top pick; card claims 134 stores but renders NO compare link
FAIL  ar  ps5                rel=Y pick=Y store=Y price=N link=OK  · no compare link on the top pick; card claims 55 stores but renders NO compare link
FAIL  ar  شاحن               rel=Y pick=Y store=Y price=N link=DEAD  · no compare link on the top pick; card claims 15 stores but renders NO compare link; outbound DEAD: HTTP 404
PASS  ar  مكيف 18000         rel=Y pick=Y store=Y price=Y link=OK
FAIL  ar  تلفزيون 65 بوصة    rel=Y pick=Y store=Y price=N link=OK  · no compare link on the top pick; card claims 123 stores but renders NO compare link
FAIL  ar  laptop             rel=Y pick=Y store=Y price=N link=OK  · no compare link on the top pick; card claims 162 stores but renders NO compare link
FAIL  ar  washing machine    rel=Y pick=Y store=Y price=N link=OK  · no compare link on the top pick; card claims 219 stores but renders NO compare link
FAIL  ar  مروحة              rel=Y pick=Y store=Y price=N link=OK  · no compare link on the top pick; card claims 110 stores but renders NO compare link
FAIL  ar  ميكروويف           rel=Y pick=Y store=Y price=N link=OK  · no compare link on the top pick; card claims 14 stores but renders NO compare link
PASS  en  iphone             rel=Y pick=Y store=Y price=Y link=OK
FAIL  en  ايفون              rel=N pick=N store=N price=N link=DEAD  · no product card found
FAIL  en  لابتوب اتش بي      rel=Y pick=Y store=Y price=N link=OK  · no compare link on the top pick; card claims 162 stores but renders NO compare link
FAIL  en  macbook            rel=Y pick=Y store=Y price=N link=OK  · no compare link on the top pick; card claims 55 stores but renders NO compare link
PASS  en  مكيف سبليت         rel=Y pick=Y store=Y price=Y link=OK  · no compare link on the top pick; single-store (no compare page) — price check vacuous
FAIL  en  lg tv              rel=Y pick=Y store=Y price=N link=OK  · no compare link on the top pick; card claims 57 stores but renders NO compare link
FAIL  en  غسالة سامسونج      rel=Y pick=Y store=Y price=N link=OK  · no compare link on the top pick; card claims 2 stores but renders NO compare link
PASS  en  ايباد              rel=Y pick=Y store=Y price=Y link=OK  · no compare link on the top pick; single-store (no compare page) — price check vacuous
PASS  en  شاشة               rel=Y pick=Y store=Y price=Y link=OK
FAIL  en  ثلاجة              rel=Y pick=Y store=Y price=N link=OK  · no compare link on the top pick; card claims 900 stores but renders NO compare link
FAIL  en  سماعات             rel=Y pick=Y store=Y price=N link=DEAD  · no compare link on the top pick; card claims 40 stores but renders NO compare link; outbound DEAD: HTTP 404
FAIL  en  طابعة              rel=Y pick=Y store=Y price=N link=OK  · no compare link on the top pick; card claims 134 stores but renders NO compare link
FAIL  en  ps5                rel=Y pick=Y store=Y price=N link=OK  · no compare link on the top pick; card claims 55 stores but renders NO compare link
FAIL  en  شاحن               rel=Y pick=Y store=Y price=N link=DEAD  · no compare link on the top pick; card claims 15 stores but renders NO compare link; outbound DEAD: HTTP 404
PASS  en  مكيف 18000         rel=Y pick=Y store=Y price=Y link=OK
FAIL  en  تلفزيون 65 بوصة    rel=Y pick=Y store=Y price=N link=OK  · no compare link on the top pick; card claims 123 stores but renders NO compare link
FAIL  en  laptop             rel=Y pick=Y store=Y price=N link=OK  · no compare link on the top pick; card claims 162 stores but renders NO compare link
FAIL  en  washing machine    rel=Y pick=Y store=Y price=N link=OK  · no compare link on the top pick; card claims 219 stores but renders NO compare link
FAIL  en  مروحة              rel=Y pick=Y store=Y price=N link=OK  · no compare link on the top pick; card claims 110 stores but renders NO compare link
FAIL  en  ميكروويف           rel=Y pick=Y store=Y price=N link=OK  · no compare link on the top pick; card claims 14 stores but renders NO compare link

── SUMMARY ────────────────────────────────
base: https://tawveeri.com
PASS RATE (overall): 10/40 = 25%
COMPARISON JOURNEY:  6/34 = 17.6%   <-- LAUNCH GATE
┌──────────────────┬────────┐
│ (index)          │ Values │
├──────────────────┼────────┤
│ relevant         │ 38     │
│ sensible_pick    │ 38     │
│ store_visible    │ 38     │
│ price_consistent │ 10     │
│ link_lands       │ 35     │
└──────────────────┴────────┘
Outbound link buckets (BLOCKED is excluded from the pass rate, not failed):
┌──────────────────┬────────┐
│ (index)          │ Values │
├──────────────────┼────────┤
│ OK               │ 35     │
│ BLOCKED_excluded │ 0      │
│ DEAD             │ 5      │
└──────────────────┴────────┘
Link check is trustable for 100% of journeys.
