◇ injected env (11) from .env.local // tip: ⌘ multiple files { path: ['.env.local', '.env'] }
PASS  ar  iphone             rel=Y pick=Y store=Y price=Y link=OK on=smart-pick/3st
PASS  ar  ايفون              rel=Y pick=Y store=Y price=Y link=OK on=smart-pick/3st
FAIL  ar  لابتوب اتش بي      rel=Y pick=N store=Y price=Y link=OK on=smart-pick/1st  · top pick is an accessory; no compare link on the top pick; single-store (no compare page) — price check vacuous
PASS  ar  macbook            rel=Y pick=Y store=Y price=Y link=OK on=smart-pick/1st  · no compare link on the top pick; single-store (no compare page) — price check vacuous
PASS  ar  مكيف سبليت         rel=Y pick=Y store=Y price=Y link=OK on=smart-pick/1st  · no compare link on the top pick; single-store (no compare page) — price check vacuous
PASS  ar  lg tv              rel=Y pick=Y store=Y price=Y link=OK on=smart-pick/1st  · no compare link on the top pick; single-store (no compare page) — price check vacuous
PASS  ar  غسالة سامسونج      rel=Y pick=Y store=Y price=Y link=OK on=smart-pick/1st  · no compare link on the top pick; single-store (no compare page) — price check vacuous
PASS  ar  ايباد              rel=Y pick=Y store=Y price=Y link=OK on=smart-pick/1st  · no compare link on the top pick; single-store (no compare page) — price check vacuous
PASS  ar  شاشة               rel=Y pick=Y store=Y price=Y link=OK on=smart-pick/2st
PASS  ar  ثلاجة              rel=Y pick=Y store=Y price=Y link=OK on=smart-pick/1st  · no compare link on the top pick; single-store (no compare page) — price check vacuous
FAIL  ar  سماعات             rel=N pick=N store=N price=N link=DEAD on=-/?st  · no product card found
PASS  ar  طابعة              rel=Y pick=Y store=Y price=Y link=OK on=smart-pick/1st  · no compare link on the top pick; single-store (no compare page) — price check vacuous
PASS  ar  ps5                rel=Y pick=Y store=Y price=Y link=OK on=smart-pick/1st  · no compare link on the top pick; single-store (no compare page) — price check vacuous
FAIL  ar  شاحن               rel=Y pick=Y store=Y price=Y link=DEAD on=smart-pick/1st  · no compare link on the top pick; single-store (no compare page) — price check vacuous; outbound DEAD: HTTP 404
PASS  ar  مكيف 18000         rel=Y pick=Y store=Y price=Y link=OK on=smart-pick/3st
PASS  ar  تلفزيون 65 بوصة    rel=Y pick=Y store=Y price=Y link=OK on=smart-pick/1st  · no compare link on the top pick; single-store (no compare page) — price check vacuous
FAIL  ar  laptop             rel=Y pick=N store=Y price=Y link=OK on=smart-pick/1st  · top pick is an accessory; no compare link on the top pick; single-store (no compare page) — price check vacuous
PASS  ar  washing machine    rel=Y pick=Y store=Y price=Y link=OK on=smart-pick/1st  · no compare link on the top pick; single-store (no compare page) — price check vacuous
PASS  ar  مروحة              rel=Y pick=Y store=Y price=Y link=OK on=smart-pick/1st  · no compare link on the top pick; single-store (no compare page) — price check vacuous
PASS  ar  ميكروويف           rel=Y pick=Y store=Y price=Y link=OK on=smart-pick/1st  · no compare link on the top pick; single-store (no compare page) — price check vacuous
PASS  en  iphone             rel=Y pick=Y store=Y price=Y link=OK on=smart-pick/3st
FAIL  en  ايفون              rel=N pick=N store=N price=N link=DEAD on=-/?st  · no product card found
FAIL  en  لابتوب اتش بي      rel=Y pick=N store=Y price=Y link=OK on=smart-pick/1st  · top pick is an accessory; no compare link on the top pick; single-store (no compare page) — price check vacuous
PASS  en  macbook            rel=Y pick=Y store=Y price=Y link=OK on=smart-pick/1st  · no compare link on the top pick; single-store (no compare page) — price check vacuous
PASS  en  مكيف سبليت         rel=Y pick=Y store=Y price=Y link=OK on=smart-pick/1st  · no compare link on the top pick; single-store (no compare page) — price check vacuous
PASS  en  lg tv              rel=Y pick=Y store=Y price=Y link=OK on=smart-pick/1st  · no compare link on the top pick; single-store (no compare page) — price check vacuous
PASS  en  غسالة سامسونج      rel=Y pick=Y store=Y price=Y link=OK on=smart-pick/1st  · no compare link on the top pick; single-store (no compare page) — price check vacuous
FAIL  en  ايباد              rel=N pick=N store=N price=N link=DEAD on=-/?st  · no product card found
PASS  en  شاشة               rel=Y pick=Y store=Y price=Y link=OK on=smart-pick/2st
PASS  en  ثلاجة              rel=Y pick=Y store=Y price=Y link=OK on=smart-pick/1st  · no compare link on the top pick; single-store (no compare page) — price check vacuous
PASS  en  سماعات             rel=Y pick=Y store=Y price=Y link=OK on=smart-pick/1st  · no compare link on the top pick; single-store (no compare page) — price check vacuous
PASS  en  طابعة              rel=Y pick=Y store=Y price=Y link=OK on=smart-pick/1st  · no compare link on the top pick; single-store (no compare page) — price check vacuous
PASS  en  ps5                rel=Y pick=Y store=Y price=Y link=OK on=smart-pick/1st  · no compare link on the top pick; single-store (no compare page) — price check vacuous
FAIL  en  شاحن               rel=Y pick=Y store=Y price=Y link=DEAD on=smart-pick/1st  · no compare link on the top pick; single-store (no compare page) — price check vacuous; outbound DEAD: HTTP 404
PASS  en  مكيف 18000         rel=Y pick=Y store=Y price=Y link=OK on=smart-pick/3st
PASS  en  تلفزيون 65 بوصة    rel=Y pick=Y store=Y price=Y link=OK on=smart-pick/1st  · no compare link on the top pick; single-store (no compare page) — price check vacuous
FAIL  en  laptop             rel=Y pick=N store=Y price=Y link=OK on=smart-pick/1st  · top pick is an accessory; no compare link on the top pick; single-store (no compare page) — price check vacuous
PASS  en  washing machine    rel=Y pick=Y store=Y price=Y link=OK on=smart-pick/1st  · no compare link on the top pick; single-store (no compare page) — price check vacuous
PASS  en  مروحة              rel=Y pick=Y store=Y price=Y link=OK on=smart-pick/1st  · no compare link on the top pick; single-store (no compare page) — price check vacuous
PASS  en  ميكروويف           rel=Y pick=Y store=Y price=Y link=OK on=smart-pick/1st  · no compare link on the top pick; single-store (no compare page) — price check vacuous

── SUMMARY ────────────────────────────────
base: https://tawveeri.com
PASS RATE (overall): 31/40 = 77.5%
COMPARISON JOURNEY:  7/7 = 100%   <-- LAUNCH GATE
┌──────────────────┬────────┐
│ (index)          │ Values │
├──────────────────┼────────┤
│ relevant         │ 37     │
│ sensible_pick    │ 33     │
│ store_visible    │ 37     │
│ price_consistent │ 37     │
│ link_lands       │ 35     │
└──────────────────┴────────┘
Instrument (what the numbers were read from):
┌───────────────────────────┬────────┐
│ (index)                   │ Values │
├───────────────────────────┼────────┤
│ journeys_with_a_card      │ 37     │
│ read_from_card_attributes │ 37     │
│ subject_smart_pick        │ 37     │
│ subject_result_card       │ 0      │
└───────────────────────────┴────────┘
Unhonoured store claims (cards claiming N stores with no compare link):
┌───────────────────────────┬────────┐
│ (index)                   │ Values │
├───────────────────────────┼────────┤
│ journeys_with_a_violation │ 0      │
│ cards_violating           │ 0      │
└───────────────────────────┴────────┘
Outbound link buckets (BLOCKED is excluded from the pass rate, not failed):
┌──────────────────┬────────┐
│ (index)          │ Values │
├──────────────────┼────────┤
│ OK               │ 35     │
│ BLOCKED_excluded │ 0      │
│ DEAD             │ 5      │
└──────────────────┴────────┘
Link check is trustable for 100% of journeys.
