◇ injected env (11) from .env.local // tip: ⌘ override existing { override: true }
PASS  ar  iphone             rel=Y pick=Y store=Y price=Y link=OK
PASS  ar  ايفون              rel=Y pick=Y store=Y price=Y link=OK
PASS  ar  لابتوب اتش بي      rel=Y pick=Y store=Y price=Y link=OK  · no compare link on the top pick; single-store (no compare page) — price check vacuous
PASS  ar  macbook            rel=Y pick=Y store=Y price=Y link=OK  · no compare link on the top pick; single-store (no compare page) — price check vacuous
PASS  ar  مكيف سبليت         rel=Y pick=Y store=Y price=Y link=OK  · no compare link on the top pick; single-store (no compare page) — price check vacuous
PASS  ar  lg tv              rel=Y pick=Y store=Y price=Y link=OK  · no compare link on the top pick; single-store (no compare page) — price check vacuous
PASS  ar  غسالة سامسونج      rel=Y pick=Y store=Y price=Y link=OK  · no compare link on the top pick; single-store (no compare page) — price check vacuous
PASS  ar  ايباد              rel=Y pick=Y store=Y price=Y link=OK  · no compare link on the top pick; single-store (no compare page) — price check vacuous
FAIL  ar  شاشة               rel=Y pick=Y store=Y price=N link=OK  · card claims 2 stores, compare page says none
PASS  ar  ثلاجة              rel=Y pick=Y store=Y price=Y link=OK  · no compare link on the top pick; single-store (no compare page) — price check vacuous
FAIL  ar  سماعات             rel=N pick=N store=N price=N link=DEAD  · no product card found
PASS  ar  طابعة              rel=Y pick=Y store=Y price=Y link=OK  · no compare link on the top pick; single-store (no compare page) — price check vacuous
PASS  ar  ps5                rel=Y pick=Y store=Y price=Y link=OK  · no compare link on the top pick; single-store (no compare page) — price check vacuous
FAIL  ar  شاحن               rel=Y pick=Y store=Y price=Y link=DEAD  · no compare link on the top pick; single-store (no compare page) — price check vacuous; outbound DEAD: HTTP 404
PASS  ar  مكيف 18000         rel=Y pick=Y store=Y price=Y link=OK
PASS  ar  تلفزيون 65 بوصة    rel=Y pick=Y store=Y price=Y link=OK  · no compare link on the top pick; single-store (no compare page) — price check vacuous
PASS  ar  laptop             rel=Y pick=Y store=Y price=Y link=OK  · no compare link on the top pick; single-store (no compare page) — price check vacuous
PASS  ar  washing machine    rel=Y pick=Y store=Y price=Y link=OK  · no compare link on the top pick; single-store (no compare page) — price check vacuous
PASS  ar  مروحة              rel=Y pick=Y store=Y price=Y link=OK  · no compare link on the top pick; single-store (no compare page) — price check vacuous
PASS  ar  ميكروويف           rel=Y pick=Y store=Y price=Y link=OK  · no compare link on the top pick; single-store (no compare page) — price check vacuous
PASS  en  iphone             rel=Y pick=Y store=Y price=Y link=OK
FAIL  en  ايفون              rel=N pick=N store=N price=N link=DEAD  · no product card found
PASS  en  لابتوب اتش بي      rel=Y pick=Y store=Y price=Y link=OK  · no compare link on the top pick; single-store (no compare page) — price check vacuous
PASS  en  macbook            rel=Y pick=Y store=Y price=Y link=OK  · no compare link on the top pick; single-store (no compare page) — price check vacuous
PASS  en  مكيف سبليت         rel=Y pick=Y store=Y price=Y link=OK  · no compare link on the top pick; single-store (no compare page) — price check vacuous
PASS  en  lg tv              rel=Y pick=Y store=Y price=Y link=OK  · no compare link on the top pick; single-store (no compare page) — price check vacuous
PASS  en  غسالة سامسونج      rel=Y pick=Y store=Y price=Y link=OK  · no compare link on the top pick; single-store (no compare page) — price check vacuous
PASS  en  ايباد              rel=Y pick=Y store=Y price=Y link=OK  · no compare link on the top pick; single-store (no compare page) — price check vacuous
PASS  en  شاشة               rel=Y pick=Y store=Y price=Y link=OK
PASS  en  ثلاجة              rel=Y pick=Y store=Y price=Y link=OK  · no compare link on the top pick; single-store (no compare page) — price check vacuous
FAIL  en  سماعات             rel=Y pick=Y store=Y price=Y link=DEAD  · no compare link on the top pick; single-store (no compare page) — price check vacuous; outbound DEAD: HTTP 404
PASS  en  طابعة              rel=Y pick=Y store=Y price=Y link=OK  · no compare link on the top pick; single-store (no compare page) — price check vacuous
FAIL  en  ps5                rel=N pick=N store=N price=N link=DEAD  · no product card found
FAIL  en  شاحن               rel=Y pick=Y store=Y price=Y link=DEAD  · no compare link on the top pick; single-store (no compare page) — price check vacuous; outbound DEAD: HTTP 404
PASS  en  مكيف 18000         rel=Y pick=Y store=Y price=Y link=OK
PASS  en  تلفزيون 65 بوصة    rel=Y pick=Y store=Y price=Y link=OK  · no compare link on the top pick; single-store (no compare page) — price check vacuous
PASS  en  laptop             rel=Y pick=Y store=Y price=Y link=OK  · no compare link on the top pick; single-store (no compare page) — price check vacuous
PASS  en  washing machine    rel=Y pick=Y store=Y price=Y link=OK  · no compare link on the top pick; single-store (no compare page) — price check vacuous
PASS  en  مروحة              rel=Y pick=Y store=Y price=Y link=OK  · no compare link on the top pick; single-store (no compare page) — price check vacuous
PASS  en  ميكروويف           rel=Y pick=Y store=Y price=Y link=OK  · no compare link on the top pick; single-store (no compare page) — price check vacuous

── SUMMARY ────────────────────────────────
base: https://tawveeri.com
PASS RATE (overall): 33/40 = 82.5%
COMPARISON JOURNEY:  29/33 = 87.9%   <-- LAUNCH GATE
┌──────────────────┬────────┐
│ (index)          │ Values │
├──────────────────┼────────┤
│ relevant         │ 37     │
│ sensible_pick    │ 37     │
│ store_visible    │ 37     │
│ price_consistent │ 36     │
│ link_lands       │ 34     │
└──────────────────┴────────┘
Outbound link buckets (BLOCKED is excluded from the pass rate, not failed):
┌──────────────────┬────────┐
│ (index)          │ Values │
├──────────────────┼────────┤
│ OK               │ 34     │
│ BLOCKED_excluded │ 0      │
│ DEAD             │ 6      │
└──────────────────┴────────┘
Link check is trustable for 100% of journeys.
